program-reporting/authentication/hmac_computation.go:17:		ComputeHMAC						92.9%
program-reporting/authentication/turnstile_validation.go:52:		checkTimestamp						0.0%
program-reporting/authentication/turnstile_validation.go:57:		ValidateHmacHeader					0.0%
program-reporting/authentication/turnstile_validation.go:94:		getTurnstileSecretFromAppKey				0.0%
program-reporting/authentication/turnstile_validation.go:143:		getTurnstileHeaders					0.0%
program-reporting/authentication/turnstile_validation.go:150:		getProductIdSecret					0.0%
program-reporting/clients/http_client.go:18:				GetHttpClient						0.0%
program-reporting/clients/http_client.go:26:				Init							100.0%
program-reporting/clients/http_client.go:32:				Get							100.0%
program-reporting/clients/http_client.go:36:				Post							75.0%
program-reporting/clients/http_client.go:44:				Put							75.0%
program-reporting/clients/http_client.go:52:				Delete							100.0%
program-reporting/clients/http_client.go:56:				makeRequest						80.0%
program-reporting/common/error_util.go:17:				WrapError						75.0%
program-reporting/common/error_util.go:31:				IsNil							100.0%
program-reporting/common/error_util.go:35:				LogError						0.0%
program-reporting/common/util.go:19:					GetFormattedStringFromTime				0.0%
program-reporting/common/util.go:26:					GetFormattedTimeFromString				0.0%
program-reporting/common/util.go:33:					GetUnixStartTime					100.0%
program-reporting/common/util.go:37:					Filter							100.0%
program-reporting/common/util.go:47:					Map							100.0%
program-reporting/common/util.go:56:					ToMap							100.0%
program-reporting/common/util.go:64:					GetHttpResponseString					0.0%
program-reporting/config/config.go:64:					getEnv							75.0%
program-reporting/config/config.go:72:					GetAppConfig						80.0%
program-reporting/config/config.go:81:					getNameToEntityConfigMap				100.0%
program-reporting/etl/extract.go:18:					ExtractAndDump						0.0%
program-reporting/etl/extract.go:115:					extractFromDatastoreAndDumpToGcs			90.9%
program-reporting/etl/extract.go:137:					getProgramReportingProjects				0.0%
program-reporting/etl/extract.go:144:					getDatastoreExtract					100.0%
program-reporting/etl/extract.go:154:					getFilePath						90.9%
program-reporting/etl/extract.go:173:					dumpExtractedData					50.0%
program-reporting/etl/extract_all_web.go:16:				ExtractAndDumpAll					0.0%
program-reporting/etl/process_experiment_results.go:14:			ProcessExperimentResults				0.0%
program-reporting/etl/process_experiment_results.go:67:			processExperimentResultsForEnabledProjects		0.0%
program-reporting/etl/process_experiment_status_event.go:14:		ProcessExperimentStatusEvent				0.0%
program-reporting/etl/process_experiment_status_event.go:95:		loadAndProcessExperimentStatusEvent			0.0%
program-reporting/etl/transform_fx.go:16:				TransformFxData						0.0%
program-reporting/etl/transform_fx.go:61:				transformAndLoadFxData					0.0%
program-reporting/etl/transform_fx.go:133:				decodeRuleVariation					70.0%
program-reporting/etl/transform_fx.go:170:				makeVariationFromRule					100.0%
program-reporting/etl/transform_fx.go:186:				decodeRuleAndInsertLayerAndMetric			0.0%
program-reporting/etl/transform_fx.go:241:				insertLayerAndMetric					0.0%
program-reporting/etl/transform_fx.go:256:				makeLayerFromRule					100.0%
program-reporting/etl/transform_fx.go:282:				makeMetricFromRule					80.0%
program-reporting/etl/transform_fx.go:307:				upsertLastTransformedAt					0.0%
program-reporting/etl/transform_fx.go:326:				getLastTransformedAt					0.0%
program-reporting/etl/transform_fx.go:334:				convertNullJSONToInt64Slice				62.5%
program-reporting/etl/transform_fx.go:347:				convertRuleType						50.0%
program-reporting/etl/transform_fx.go:358:				convertRuleOutcome					66.7%
program-reporting/etl/transform_user_role.go:15:			TransformUserRole					0.0%
program-reporting/etl/transform_user_role.go:86:			transformAndLoadUserRoleData				83.3%
program-reporting/etl/transform_web.go:30:				TransformDatastoreGCSData				0.0%
program-reporting/etl/transform_web.go:69:				transformAndLoadDatastoreData				0.0%
program-reporting/etl/transform_web.go:126:				decodeEntityAndLoad					0.0%
program-reporting/etl/transform_web.go:162:				decodeAndInsertAccount					92.3%
program-reporting/etl/transform_web.go:185:				decodeAndInsertAudience					92.3%
program-reporting/etl/transform_web.go:208:				decodeAndInsertLayerAndMetric				89.5%
program-reporting/etl/transform_web.go:243:				decodeAndInsertLayerExperimentAndVariation		89.5%
program-reporting/etl/transform_web.go:278:				makeVariationFromExperiment				100.0%
program-reporting/etl/transform_web.go:299:				makeMetricFromLayer					100.0%
program-reporting/etl/transform_web.go:314:				decodeAndInsertView					92.3%
program-reporting/etl/transform_web.go:337:				decodeAndInsertDcpDataSource				92.3%
program-reporting/etl/transform_web.go:360:				decodeAndInsertDcpDataSourceAttribute			90.9%
program-reporting/etl/transform_web.go:381:				findTurnstileIdByProjectId				100.0%
program-reporting/etl/transform_web.go:390:				decodeJsonEntity					100.0%
program-reporting/main.go:15:						main							0.0%
program-reporting/server/api/index.go:19:				RegisterRoutes						88.9%
program-reporting/server/api/index.go:43:				HandleCreateInstance					100.0%
program-reporting/server/api/index.go:68:				HandleUpdateInstance					100.0%
program-reporting/server/api/routes.go:12:				SetupRoutes						0.0%
program-reporting/server/helpers/response.go:8:				SuccessResponse						100.0%
program-reporting/server/helpers/response.go:17:			BadRequest						0.0%
program-reporting/server/helpers/response.go:26:			InternalServerError					100.0%
program-reporting/server/helpers/response.go:35:			UnprocessableEntity					100.0%
program-reporting/server/middlewares/auth.go:16:			HmacAuthHandler						0.0%
program-reporting/server/middlewares/auth.go:78:			parseAuthorizationHeader				0.0%
program-reporting/server/middlewares/cors.go:10:			Cors							0.0%
program-reporting/server/server.go:15:					StartServer						0.0%
program-reporting/services/change_history_service.go:93:		NewCommonChangeHistoryService				100.0%
program-reporting/services/change_history_service.go:114:		NewChangeHistoryApiService				100.0%
program-reporting/services/change_history_service.go:120:		GetChangeHistory					0.0%
program-reporting/services/change_history_service.go:143:		ProcessChangeHistory					0.0%
program-reporting/services/change_history_service.go:218:		insertChangeHistoryData					0.0%
program-reporting/services/change_history_service.go:232:		updateProjectLastPullTime				0.0%
program-reporting/services/change_history_service.go:239:		saveLastMigrationData					0.0%
program-reporting/services/change_history_service.go:257:		ProcessMigrationHistory					0.0%
program-reporting/services/change_history_service.go:282:		ProcessMigrationHistoryOfProject			0.0%
program-reporting/services/change_history_service.go:312:		copyHistoryForAssociatedExperiments			75.0%
program-reporting/services/change_history_service.go:338:		getHistoryListForExperiment				0.0%
program-reporting/services/change_history_service.go:373:		FindMaxLastPullTime					100.0%
program-reporting/services/experiment_results_service.go:23:		GetExperimentResultsService				100.0%
program-reporting/services/experiment_results_service.go:37:		ProcessExperimentResultsForProject			82.1%
program-reporting/services/experiment_results_service.go:95:		embedLayerExperimentIDsForFxRules			90.9%
program-reporting/services/experiment_results_service.go:120:		embedResultsMetadataForLayers				87.5%
program-reporting/services/experiment_results_service.go:167:		processExperimentResultsForLayer			84.6%
program-reporting/services/experiment_results_service.go:198:		getExperimentResultsForLayer				87.5%
program-reporting/services/experiment_results_service.go:226:		saveResultAndVisitorsForLayer				80.0%
program-reporting/services/experiment_results_service.go:279:		convertMetricAndVariationResultToLayerExperimentResult	90.0%
program-reporting/services/experiment_results_service.go:329:		convertMetricAndVariationResultToLayerExperimentVisitor	80.0%
program-reporting/services/experiment_results_service.go:351:		convertVariationID					100.0%
program-reporting/services/fx_change_history_service.go:19:		NewFxChangeHistoryService				100.0%
program-reporting/services/fx_change_history_service.go:45:		getExperimentIdToLayerIdMapOfProject			0.0%
program-reporting/services/fx_change_history_service.go:53:		mapRuleIdToLayerId					0.0%
program-reporting/services/fx_change_history_service.go:61:		mapExperimentIdToLayerId				100.0%
program-reporting/services/fx_change_history_service.go:69:		makeChangeHistoryOptions				0.0%
program-reporting/services/fx_change_history_service.go:81:		makeChangeHistoryOptionsForExperiment			0.0%
program-reporting/services/fx_change_history_service.go:105:		makeExperimentStatusEventDTO				95.8%
program-reporting/services/fx_change_history_service.go:153:		ShouldFilterHistory					100.0%
program-reporting/services/fx_change_history_service.go:157:		getProjectMigrationData					88.9%
program-reporting/services/fx_change_history_service.go:180:		getExperimentAssociations				87.5%
program-reporting/services/fx_change_history_service.go:206:		getRuleOfEnv						75.0%
program-reporting/services/onboarding_service.go:25:			NewOnboardingService					100.0%
program-reporting/services/onboarding_service.go:29:			Create							83.3%
program-reporting/services/onboarding_service.go:59:			Update							83.3%
program-reporting/services/onboarding_service.go:89:			validateProperty					100.0%
program-reporting/services/onboarding_service.go:98:			validateInstanceId					30.0%
program-reporting/services/onboarding_service.go:112:			GetOnboardingEvents					0.0%
program-reporting/services/itpo_api_service.go:105:		NewitpoAPIService					0.0%
program-reporting/services/itpo_api_service.go:111:		GetExperimentResults					0.0%
program-reporting/services/user_role_transformer_service.go:34:		GetAccountToUserRoleTransformer				100.0%
program-reporting/services/user_role_transformer_service.go:48:		GetProjectToUserRoleTransformer				0.0%
program-reporting/services/user_role_transformer_service.go:65:		BatchWiseTransformAndSaveUserRole			91.5%
program-reporting/services/user_role_transformer_service.go:170:	BatchWiseTransformAndSaveUserRole			0.0%
program-reporting/services/web_change_history_service.go:20:		NewWebChangeHistoryService				0.0%
program-reporting/services/web_change_history_service.go:45:		getExperimentIdToLayerIdMapOfProject			0.0%
program-reporting/services/web_change_history_service.go:53:		mapExperimentIDToLayerId				0.0%
program-reporting/services/web_change_history_service.go:61:		makeChangeHistoryOptions				0.0%
program-reporting/services/web_change_history_service.go:77:		makeChangeHistoryOptionsForExperiment			0.0%
program-reporting/services/web_change_history_service.go:87:		makeExperimentStatusEventDTO				95.8%
program-reporting/services/web_change_history_service.go:140:		getLayerIdFromChangeHistoryEntity			100.0%
program-reporting/services/web_change_history_service.go:154:		isPersonalizationChange					100.0%
program-reporting/services/web_change_history_service.go:158:		getProjectMigrationData					100.0%
program-reporting/services/web_change_history_service.go:163:		getExperimentAssociations				0.0%
program-reporting/services/worker_pool_service.go:40:			Start							100.0%
program-reporting/services/worker_pool_service.go:67:			NewWorkerPool						100.0%
program-reporting/services/worker_pool_service.go:91:			Add							100.0%
program-reporting/services/worker_pool_service.go:96:			GetResults						90.9%
program-reporting/services/worker_pool_service.go:114:			Start							100.0%
program-reporting/services/worker_pool_service.go:124:			Stop							100.0%
program-reporting/workers/onboard_worker.go:17:				OnboardEvents						0.0%
program-reporting/workers/onboard_worker.go:70:				onboardNewEvents					0.0%
program-reporting/workers/onboard_worker.go:105:			onboardNewProjects					0.0%
program-reporting/workers/onboard_worker.go:136:			getAccountIdsFromAdminAccountIds			0.0%
program-reporting/workers/onboard_worker.go:149:			createAccountIdToProjectsMapping			100.0%
program-reporting/workers/onboard_worker.go:161:			getUniqueProjects					100.0%
program-reporting/workers/onboard_worker.go:198:			getNewProjects						0.0%
program-reporting/workers/onboard_worker.go:223:			getOnboardingEvents					0.0%
program-reporting/workers/onboard_worker.go:233:			getAdminAccountIdFromInstanceId				0.0%
program-reporting/workers/onboard_worker.go:245:			getAccountIdsFromAdminAccountId				0.0%
program-reporting/workers/onboard_worker.go:255:			isWebProject						100.0%
program-reporting/workers/onboard_worker.go:259:			isFlagsProject						0.0%
program-reporting/workers/onboard_worker.go:274:			getProjectPlatform					57.1%
total:									(statements)						38.9%
